Archive member included to satisfy reference by file (symbol)

c:/program files (x86)/atmel/studio/7.0/toolchain/arm/arm-gnu-toolchain/bin/../lib/gcc/arm-none-eabi/6.3.1/thumb/v8-m.base\libgcc.a(_aeabi_uldivmod.o)
                              hpl/sercom/hpl_sercom.o (__aeabi_uldivmod)
c:/program files (x86)/atmel/studio/7.0/toolchain/arm/arm-gnu-toolchain/bin/../lib/gcc/arm-none-eabi/6.3.1/thumb/v8-m.base\libgcc.a(_muldi3.o)
                              hpl/sercom/hpl_sercom.o (__aeabi_lmul)
c:/program files (x86)/atmel/studio/7.0/toolchain/arm/arm-gnu-toolchain/bin/../lib/gcc/arm-none-eabi/6.3.1/thumb/v8-m.base\libgcc.a(_fixunsdfsi.o)
                              hpl/sercom/hpl_sercom.o (__aeabi_d2uiz)
c:/program files (x86)/atmel/studio/7.0/toolchain/arm/arm-gnu-toolchain/bin/../lib/gcc/arm-none-eabi/6.3.1/thumb/v8-m.base\libgcc.a(_udivmoddi4.o)
                              c:/program files (x86)/atmel/studio/7.0/toolchain/arm/arm-gnu-toolchain/bin/../lib/gcc/arm-none-eabi/6.3.1/thumb/v8-m.base\libgcc.a(_aeabi_uldivmod.o) (__udivmoddi4)
c:/program files (x86)/atmel/studio/7.0/toolchain/arm/arm-gnu-toolchain/bin/../lib/gcc/arm-none-eabi/6.3.1/thumb/v8-m.base\libgcc.a(divdf3.o)
                              hpl/sercom/hpl_sercom.o (__aeabi_ddiv)
c:/program files (x86)/atmel/studio/7.0/toolchain/arm/arm-gnu-toolchain/bin/../lib/gcc/arm-none-eabi/6.3.1/thumb/v8-m.base\libgcc.a(muldf3.o)
                              hpl/sercom/hpl_sercom.o (__aeabi_dmul)
c:/program files (x86)/atmel/studio/7.0/toolchain/arm/arm-gnu-toolchain/bin/../lib/gcc/arm-none-eabi/6.3.1/thumb/v8-m.base\libgcc.a(subdf3.o)
                              hpl/sercom/hpl_sercom.o (__aeabi_dsub)
c:/program files (x86)/atmel/studio/7.0/toolchain/arm/arm-gnu-toolchain/bin/../lib/gcc/arm-none-eabi/6.3.1/thumb/v8-m.base\libgcc.a(fixdfsi.o)
                              c:/program files (x86)/atmel/studio/7.0/toolchain/arm/arm-gnu-toolchain/bin/../lib/gcc/arm-none-eabi/6.3.1/thumb/v8-m.base\libgcc.a(_fixunsdfsi.o) (__aeabi_d2iz)
c:/program files (x86)/atmel/studio/7.0/toolchain/arm/arm-gnu-toolchain/bin/../lib/gcc/arm-none-eabi/6.3.1/thumb/v8-m.base\libgcc.a(floatsidf.o)
                              hpl/sercom/hpl_sercom.o (__aeabi_i2d)
c:/program files (x86)/atmel/studio/7.0/toolchain/arm/arm-gnu-toolchain/bin/../lib/gcc/arm-none-eabi/6.3.1/thumb/v8-m.base\libgcc.a(floatunsidf.o)
                              hpl/sercom/hpl_sercom.o (__aeabi_ui2d)
c:/program files (x86)/atmel/studio/7.0/toolchain/arm/arm-gnu-toolchain/bin/../lib/gcc/arm-none-eabi/6.3.1/thumb/v8-m.base\libgcc.a(_dvmd_tls.o)
                              c:/program files (x86)/atmel/studio/7.0/toolchain/arm/arm-gnu-toolchain/bin/../lib/gcc/arm-none-eabi/6.3.1/thumb/v8-m.base\libgcc.a(_aeabi_uldivmod.o) (__aeabi_ldiv0)
c:/program files (x86)/atmel/studio/7.0/toolchain/arm/arm-gnu-toolchain/bin/../lib/gcc/arm-none-eabi/6.3.1/thumb/v8-m.base\libgcc.a(_arm_cmpdf2.o)
                              c:/program files (x86)/atmel/studio/7.0/toolchain/arm/arm-gnu-toolchain/bin/../lib/gcc/arm-none-eabi/6.3.1/thumb/v8-m.base\libgcc.a(_fixunsdfsi.o) (__aeabi_dcmpge)
c:/program files (x86)/atmel/studio/7.0/toolchain/arm/arm-gnu-toolchain/bin/../lib/gcc/arm-none-eabi/6.3.1/thumb/v8-m.base\libgcc.a(_clzsi2.o)
                              c:/program files (x86)/atmel/studio/7.0/toolchain/arm/arm-gnu-toolchain/bin/../lib/gcc/arm-none-eabi/6.3.1/thumb/v8-m.base\libgcc.a(_udivmoddi4.o) (__clzsi2)
c:/program files (x86)/atmel/studio/7.0/toolchain/arm/arm-gnu-toolchain/bin/../lib/gcc/arm-none-eabi/6.3.1/thumb/v8-m.base\libgcc.a(eqdf2.o)
                              c:/program files (x86)/atmel/studio/7.0/toolchain/arm/arm-gnu-toolchain/bin/../lib/gcc/arm-none-eabi/6.3.1/thumb/v8-m.base\libgcc.a(_arm_cmpdf2.o) (__eqdf2)
c:/program files (x86)/atmel/studio/7.0/toolchain/arm/arm-gnu-toolchain/bin/../lib/gcc/arm-none-eabi/6.3.1/thumb/v8-m.base\libgcc.a(gedf2.o)
                              c:/program files (x86)/atmel/studio/7.0/toolchain/arm/arm-gnu-toolchain/bin/../lib/gcc/arm-none-eabi/6.3.1/thumb/v8-m.base\libgcc.a(_arm_cmpdf2.o) (__gedf2)
c:/program files (x86)/atmel/studio/7.0/toolchain/arm/arm-gnu-toolchain/bin/../lib/gcc/arm-none-eabi/6.3.1/thumb/v8-m.base\libgcc.a(ledf2.o)
                              c:/program files (x86)/atmel/studio/7.0/toolchain/arm/arm-gnu-toolchain/bin/../lib/gcc/arm-none-eabi/6.3.1/thumb/v8-m.base\libgcc.a(_arm_cmpdf2.o) (__ledf2)
c:/program files (x86)/atmel/studio/7.0/toolchain/arm/arm-gnu-toolchain/bin/../lib/gcc/arm-none-eabi/6.3.1/../../../../arm-none-eabi/lib/thumb/v8-m.base\libc_nano.a(lib_a-exit.o)
                              c:/program files (x86)/atmel/studio/7.0/toolchain/arm/arm-gnu-toolchain/bin/../lib/gcc/arm-none-eabi/6.3.1/../../../../arm-none-eabi/lib/thumb/v8-m.base/crt0.o (exit)
[...]
Memory Configuration

Name             Origin             Length             Attributes
rom              0x00000000         0x0000ff00         xr
rom_nsc          0x0000ff00         0x00000000         xr
ram              0x20000000         0x00003f80         xrw
userrow          0x00804000         0x00000100         rw
*default*        0x00000000         0xffffffff

Linker script and memory map

LOAD c:/program files (x86)/atmel/studio/7.0/toolchain/arm/arm-gnu-toolchain/bin/../lib/gcc/arm-none-eabi/6.3.1/thumb/v8-m.base/crti.o
LOAD c:/program files (x86)/atmel/studio/7.0/toolchain/arm/arm-gnu-toolchain/bin/../lib/gcc/arm-none-eabi/6.3.1/thumb/v8-m.base/crtbegin.o
LOAD c:/program files (x86)/atmel/studio/7.0/toolchain/arm/arm-gnu-toolchain/bin/../lib/gcc/arm-none-eabi/6.3.1/../../../../arm-none-eabi/lib/thumb/v8-m.base/crt0.o
LOAD atmel_start.o
LOAD Device_Startup/startup_saml11e16a.o
LOAD Device_Startup/system_saml11e16a.o
LOAD driver_init.o
LOAD main.o
LOAD examples/driver_examples.o
LOAD hal/src/hal_atomic.o
LOAD hal/src/hal_delay.o
LOAD hal/src/hal_gpio.o
LOAD hal/src/hal_init.o
LOAD hal/src/hal_io.o
LOAD hal/src/hal_sleep.o
LOAD hal/src/hal_usart_async.o
LOAD hal/utils/src/utils_assert.o
LOAD hal/utils/src/utils_event.o
LOAD hal/utils/src/utils_list.o
LOAD hal/utils/src/utils_ringbuffer.o
LOAD hal/utils/src/utils_syscalls.o
LOAD hpl/core/hpl_core_m23_base.o
LOAD hpl/core/hpl_init.o
LOAD hpl/dmac/hpl_dmac.o
LOAD hpl/gclk/hpl_gclk.o
LOAD hpl/mclk/hpl_mclk.o
LOAD hpl/osc32kctrl/hpl_osc32kctrl.o
LOAD hpl/oscctrl/hpl_oscctrl.o
LOAD hpl/pm/hpl_pm.o
LOAD hpl/sercom/hpl_sercom.o
LOAD Serial/serial.o
LOAD trustzone/trustzone_manager.o
LOAD trustzone/trustzone_veneer.o
START GROUP
LOAD c:/program files (x86)/atmel/studio/7.0/toolchain/arm/arm-gnu-toolchain/bin/../lib/gcc/arm-none-eabi/6.3.1/../../../../arm-none-eabi/lib/thumb/v8-m.base\libm.a
END GROUP
START GROUP
LOAD c:/program files (x86)/atmel/studio/7.0/toolchain/arm/arm-gnu-toolchain/bin/../lib/gcc/arm-none-eabi/6.3.1/thumb/v8-m.base\libgcc.a
LOAD c:/program files (x86)/atmel/studio/7.0/toolchain/arm/arm-gnu-toolchain/bin/../lib/gcc/arm-none-eabi/6.3.1/../../../../arm-none-eabi/lib/thumb/v8-m.base\libc_nano.a
END GROUP
START GROUP
LOAD c:/program files (x86)/atmel/studio/7.0/toolchain/arm/arm-gnu-toolchain/bin/../lib/gcc/arm-none-eabi/6.3.1/thumb/v8-m.base\libgcc.a
LOAD c:/program files (x86)/atmel/studio/7.0/toolchain/arm/arm-gnu-toolchain/bin/../lib/gcc/arm-none-eabi/6.3.1/../../../../arm-none-eabi/lib/thumb/v8-m.base\libc_nano.a
END GROUP
LOAD c:/program files (x86)/atmel/studio/7.0/toolchain/arm/arm-gnu-toolchain/bin/../lib/gcc/arm-none-eabi/6.3.1/thumb/v8-m.base/crtend.o
LOAD c:/program files (x86)/atmel/studio/7.0/toolchain/arm/arm-gnu-toolchain/bin/../lib/gcc/arm-none-eabi/6.3.1/thumb/v8-m.base/crtn.o
                0x00000400                STACK_SIZE = DEFINED (STACK_SIZE)?STACK_SIZE:DEFINED (__stack_size__)?__stack_size__:0x400
                0x00000200                HEAP_SIZE = DEFINED (HEAP_SIZE)?HEAP_SIZE:DEFINED (__heap_size__)?__heap_size__:0x200

.text           0x00000000     0x27dc
                0x00000000                . = ALIGN (0x4)
                0x00000000                _sfixed = .
 *(.vectors .vectors.*)
 .vectors       0x00000000       0xf4 Device_Startup/startup_saml11e16a.o
                0x00000000                exception_table
 *trustzone_veneer.o(.text.*)
 *(.text .text.* .gnu.linkonce.t.*)
 .text          0x000000f4       0x6c c:/program files (x86)/atmel/studio/7.0/toolchain/arm/arm-gnu-toolchain/bin/../lib/gcc/arm-none-eabi/6.3.1/thumb/v8-m.base/crtbegin.o
 .text.trustzone_manager_init
                0x00000160       0x36 atmel_start.o
 .text.atmel_start_init
                0x00000196       0x12 atmel_start.o
                0x00000196                atmel_start_init
 .text.Reset_Handler
                0x000001a8       0x8a Device_Startup/startup_saml11e16a.o
                0x000001a8                Reset_Handler
 .text.Dummy_Handler
                0x00000232        0x6 Device_Startup/startup_saml11e16a.o
                0x00000232                SVCall_Handler
                0x00000232                SERCOM0_2_Handler
                0x00000232                EVSYS_0_Handler
                0x00000232                TRNG_Handler
                0x00000232                ADC_RESRDY_Handler
                0x00000232                HardFault_Handler
                0x00000232                TC2_Handler
                0x00000232                AC_Handler
                0x00000232                DMAC_OTHER_Handler
                0x00000232                SysTick_Handler
                0x00000232                PendSV_Handler
                0x00000232                EVSYS_3_Handler
                0x00000232                NonMaskableInt_Handler
                0x00000232                SERCOM0_OTHER_Handler
                0x00000232                EIC_3_Handler
                0x00000232                SERCOM0_0_Handler
                0x00000232                RTC_Handler
                0x00000232                SERCOM1_OTHER_Handler
                0x00000232                EVSYS_1_Handler
                0x00000232                DMAC_0_Handler
                0x00000232                WDT_Handler
                0x00000232                TRAM_Handler
                0x00000232                EVSYS_NSCHK_Handler
                0x00000232                TC1_Handler
                0x00000232                DAC_EMPTY_Handler
                0x00000232                PAC_Handler
                0x00000232                EIC_0_Handler
                0x00000232                Dummy_Handler
                0x00000232                DMAC_2_Handler
                0x00000232                SERCOM0_1_Handler
                0x00000232                DMAC_1_Handler
                0x00000232                SERCOM1_1_Handler
                0x00000232                EIC_2_Handler
                0x00000232                NVMCTRL_Handler
                0x00000232                PORT_Handler
                0x00000232                SYSTEM_Handler
                0x00000232                SERCOM1_0_Handler
                0x00000232                SERCOM1_2_Handler
                0x00000232                EIC_1_Handler
                0x00000232                PTC_Handler
                0x00000232                EVSYS_2_Handler
                0x00000232                FREQM_Handler
                0x00000232                DAC_UNDERRUN_A_Handler
                0x00000232                TC0_Handler
                0x00000232                EIC_OTHER_Handler
                0x00000232                ADC_OTHER_Handler
                0x00000232                DMAC_3_Handler
 .text.hri_gclk_write_PCHCTRL_reg
                0x00000238       0x2a driver_init.o
 .text.hri_mclk_set_APBCMASK_SERCOM2_bit
                0x00000262       0x1c driver_init.o
 .text.hri_port_set_DIR_reg
                0x0000027e       0x2c driver_init.o
 .text.hri_port_clear_DIR_reg
                0x000002aa       0x2c driver_init.o
 .text.hri_port_set_OUT_reg
                0x000002d6       0x2c driver_init.o
 .text.hri_port_clear_OUT_reg
                0x00000302       0x2c driver_init.o
 .text.hri_port_write_PMUX_PMUXE_bf
                0x0000032e       0x88 driver_init.o
 .text.hri_port_write_PMUX_PMUXO_bf
                0x000003b6       0x86 driver_init.o
 .text.hri_port_write_PINCFG_PMUXEN_bit
                0x0000043c       0x82 driver_init.o
 .text.hri_port_write_WRCONFIG_reg
                0x000004be       0x2c driver_init.o
 .text._gpio_set_direction
                0x000004ea      0x134 driver_init.o
 .text._gpio_set_level
                0x0000061e       0x4e driver_init.o
 .text._gpio_set_pin_function
                0x0000066c       0xb8 driver_init.o
 .text.gpio_set_pin_function
                0x00000724       0x1e driver_init.o
 .text.gpio_set_pin_direction
                0x00000742       0x3a driver_init.o
 .text.gpio_set_pin_level
                0x0000077c       0x3a driver_init.o
 .text.init_mcu
                0x000007b6        0xe driver_init.o
 .text.EDBG_COM_CLOCK_init
                0x000007c4       0x3c driver_init.o
                0x000007c4                EDBG_COM_CLOCK_init
 .text.EDBG_COM_PORT_init
                0x00000800       0x26 driver_init.o
                0x00000800                EDBG_COM_PORT_init
 .text.EDBG_COM_init
                0x00000826       0x36 driver_init.o
                0x00000826                EDBG_COM_init
 .text.system_init
                0x0000085c       0x2e driver_init.o
                0x0000085c                system_init
 .text.hri_port_set_DIR_reg
                0x0000088a       0x2c main.o
 .text.hri_port_clear_DIR_reg
                0x000008b6       0x2c main.o
 .text.hri_port_set_OUT_reg
                0x000008e2       0x2c main.o
 .text.hri_port_clear_OUT_reg
                0x0000090e       0x2c main.o
 .text.hri_port_write_PMUX_PMUXE_bf
                0x0000093a       0x88 main.o
 .text.hri_port_write_PMUX_PMUXO_bf
                0x000009c2       0x86 main.o
 .text.hri_port_write_PINCFG_PMUXEN_bit
                0x00000a48       0x82 main.o
 .text.hri_port_write_WRCONFIG_reg
                0x00000aca       0x2c main.o
 .text._gpio_set_direction
                0x00000af6      0x134 main.o
 .text._gpio_set_level
                0x00000c2a       0x4e main.o
 .text._gpio_set_pin_function
                0x00000c78       0xb8 main.o
 .text.gpio_set_pin_function
                0x00000d30       0x1e main.o
 .text.gpio_set_pin_direction
                0x00000d4e       0x3a main.o
 .text.gpio_set_pin_level
                0x00000d88       0x3a main.o
 .text.main     0x00000dc2      0x1de main.o
                0x00000dc2                main
 .text.atomic_enter_critical
                0x00000fa0       0x22 hal/src/hal_atomic.o
                0x00000fa0                atomic_enter_critical
 .text.atomic_leave_critical
                0x00000fc2       0x20 hal/src/hal_atomic.o
                0x00000fc2                atomic_leave_critical
 .text.delay_ms
                0x00000fe2       0x32 hal/src/hal_delay.o
                0x00000fe2                delay_ms
 .text.usart_async_init
                0x00001014       0xca hal/src/hal_usart_async.o
                0x00001014                usart_async_init
 .text.usart_async_enable
                0x000010de       0x34 hal/src/hal_usart_async.o
                0x000010de                usart_async_enable
 .text.usart_async_register_callback
                0x00001112       0xa4 hal/src/hal_usart_async.o
                0x00001112                usart_async_register_callback
 .text.usart_async_write
                0x000011b6       0x8a hal/src/hal_usart_async.o
 .text.usart_async_read
                0x00001240       0xb4 hal/src/hal_usart_async.o
 .text.usart_process_byte_sent
                0x000012f4       0x62 hal/src/hal_usart_async.o
 .text.usart_transmission_complete
                0x00001356       0x2c hal/src/hal_usart_async.o
 .text.usart_fill_rx_buffer
                0x00001382       0x3e hal/src/hal_usart_async.o
 .text.usart_error
                0x000013c0       0x2c hal/src/hal_usart_async.o
 .text.assert   0x000013ec       0x2a hal/utils/src/utils_assert.o
                0x000013ec                assert
 .text.ringbuffer_init
                0x00001416       0x6c hal/utils/src/utils_ringbuffer.o
                0x00001416                ringbuffer_init
 .text.ringbuffer_get
                0x00001482       0x6c hal/utils/src/utils_ringbuffer.o
                0x00001482                ringbuffer_get
 .text.ringbuffer_put
                0x000014ee       0x70 hal/utils/src/utils_ringbuffer.o
                0x000014ee                ringbuffer_put
 .text.ringbuffer_num
                0x0000155e       0x32 hal/utils/src/utils_ringbuffer.o
                0x0000155e                ringbuffer_num
 .text._get_cycles_for_us_internal
                0x00001590       0xf4 hpl/core/hpl_core_m23_base.o
 .text._get_cycles_for_ms_internal
                0x00001684       0xe0 hpl/core/hpl_core_m23_base.o
 .text._get_cycles_for_ms
                0x00001764       0x2a hpl/core/hpl_core_m23_base.o
                0x00001764                _get_cycles_for_ms
 .text._delay_cycles
                0x0000178e       0x16 hpl/core/hpl_core_m23_base.o
                0x0000178e                _delay_cycles
 .text.hri_nvmctrl_set_CTRLB_RWS_bf
                0x000017a4       0x24 hpl/core/hpl_init.o
 .text._init_chip
                0x000017c8       0x36 hpl/core/hpl_init.o
                0x000017c8                _init_chip
 .text.hri_gclk_wait_for_sync
                0x000017fe       0x20 hpl/gclk/hpl_gclk.o
 .text.hri_gclk_write_GENCTRL_reg
                0x0000181e       0x34 hpl/gclk/hpl_gclk.o
 .text._gclk_init_generators_by_fref
                0x00001852       0x30 hpl/gclk/hpl_gclk.o
                0x00001852                _gclk_init_generators_by_fref
 .text.hri_mclk_write_CPUDIV_reg
                0x00001882       0x1e hpl/mclk/hpl_mclk.o
 .text._mclk_init
                0x000018a0       0x22 hpl/mclk/hpl_mclk.o
                0x000018a0                _mclk_init
 .text.hri_osc32kctrl_write_RTCCTRL_reg
                0x000018c2       0x1e hpl/osc32kctrl/hpl_osc32kctrl.o
 .text.hri_osc32kctrl_read_OSCULP32K_CALIB_bf
                0x000018e0       0x22 hpl/osc32kctrl/hpl_osc32kctrl.o
 .text.hri_osc32kctrl_write_OSCULP32K_reg
                0x00001902       0x18 hpl/osc32kctrl/hpl_osc32kctrl.o
 .text._osc32kctrl_init_sources
                0x0000191a       0x4e hpl/osc32kctrl/hpl_osc32kctrl.o
                0x0000191a                _osc32kctrl_init_sources
 .text.hri_oscctrl_get_STATUS_OSC16MRDY_bit
                0x00001968       0x20 hpl/oscctrl/hpl_oscctrl.o
 .text.hri_oscctrl_set_OSC16MCTRL_ONDEMAND_bit
                0x00001988       0x22 hpl/oscctrl/hpl_oscctrl.o
 .text.hri_oscctrl_write_OSC16MCTRL_reg
                0x000019aa       0x1e hpl/oscctrl/hpl_oscctrl.o
 .text._oscctrl_init_sources
                0x000019c8       0x42 hpl/oscctrl/hpl_oscctrl.o
                0x000019c8                _oscctrl_init_sources
 .text._oscctrl_init_referenced_generators
                0x00001a0a       0x1e hpl/oscctrl/hpl_oscctrl.o
                0x00001a0a                _oscctrl_init_referenced_generators
 .text.hri_pm_read_INTFLAG_reg
                0x00001a28       0x16 hpl/pm/hpl_pm.o
 .text.hri_pm_clear_INTFLAG_reg
                0x00001a3e       0x1e hpl/pm/hpl_pm.o
 .text.hri_pm_get_PLCFG_PLSEL_bf
                0x00001a5c       0x3e hpl/pm/hpl_pm.o
 .text.hri_pm_write_PLCFG_PLSEL_bf
                0x00001a9a       0x52 hpl/pm/hpl_pm.o
 .text._set_performance_level
                0x00001aec       0x6a hpl/pm/hpl_pm.o
                0x00001aec                _set_performance_level
 .text.__NVIC_EnableIRQ
                0x00001b56       0x40 hpl/sercom/hpl_sercom.o
 .text.__NVIC_DisableIRQ
                0x00001b96       0x4a hpl/sercom/hpl_sercom.o
 .text.__NVIC_ClearPendingIRQ
                0x00001be0       0x42 hpl/sercom/hpl_sercom.o
 .text.hri_sercomusart_wait_for_sync
                0x00001c22       0x20 hpl/sercom/hpl_sercom.o
 .text.hri_sercomusart_is_syncing
                0x00001c42       0x20 hpl/sercom/hpl_sercom.o
 .text.hri_sercomusart_get_interrupt_DRE_bit
                0x00001c62       0x22 hpl/sercom/hpl_sercom.o
 .text.hri_sercomusart_get_interrupt_TXC_bit
                0x00001c84       0x22 hpl/sercom/hpl_sercom.o
 .text.hri_sercomusart_get_interrupt_RXC_bit
                0x00001ca6       0x22 hpl/sercom/hpl_sercom.o
 .text.hri_sercomusart_get_interrupt_ERROR_bit
                0x00001cc8       0x22 hpl/sercom/hpl_sercom.o
 .text.hri_sercomusart_clear_interrupt_ERROR_bit
                0x00001cea       0x16 hpl/sercom/hpl_sercom.o
 .text.hri_sercomusart_set_INTEN_DRE_bit
                0x00001d00       0x16 hpl/sercom/hpl_sercom.o
 .text.hri_sercomusart_get_INTEN_DRE_bit
                0x00001d16       0x22 hpl/sercom/hpl_sercom.o
 .text.hri_sercomusart_write_INTEN_DRE_bit
                0x00001d38       0x30 hpl/sercom/hpl_sercom.o
 .text.hri_sercomusart_clear_INTEN_DRE_bit
                0x00001d68       0x16 hpl/sercom/hpl_sercom.o
 .text.hri_sercomusart_set_INTEN_TXC_bit
                0x00001d7e       0x16 hpl/sercom/hpl_sercom.o
 .text.hri_sercomusart_get_INTEN_TXC_bit
                0x00001d94       0x22 hpl/sercom/hpl_sercom.o
 .text.hri_sercomusart_write_INTEN_TXC_bit
                0x00001db6       0x30 hpl/sercom/hpl_sercom.o
 .text.hri_sercomusart_clear_INTEN_TXC_bit
                0x00001de6       0x16 hpl/sercom/hpl_sercom.o
 .text.hri_sercomusart_write_INTEN_RXC_bit
                0x00001dfc       0x30 hpl/sercom/hpl_sercom.o
 .text.hri_sercomusart_write_INTEN_ERROR_bit
                0x00001e2c       0x30 hpl/sercom/hpl_sercom.o
 .text.hri_sercomusart_set_CTRLA_ENABLE_bit
                0x00001e5c       0x26 hpl/sercom/hpl_sercom.o
 .text.hri_sercomusart_clear_CTRLA_ENABLE_bit
                0x00001e82       0x28 hpl/sercom/hpl_sercom.o
 .text.hri_sercomusart_get_CTRLA_reg
                0x00001eaa       0x2c hpl/sercom/hpl_sercom.o
 .text.hri_sercomusart_write_CTRLA_reg
                0x00001ed6       0x22 hpl/sercom/hpl_sercom.o
 .text.hri_sercomusart_write_CTRLB_reg
                0x00001ef8       0x22 hpl/sercom/hpl_sercom.o
 .text.hri_sercomusart_write_CTRLC_reg
                0x00001f1a       0x18 hpl/sercom/hpl_sercom.o
 .text.hri_sercomusart_write_BAUD_reg
                0x00001f32       0x1e hpl/sercom/hpl_sercom.o
 .text.hri_sercomusart_write_RXPL_reg
                0x00001f50       0x1e hpl/sercom/hpl_sercom.o
 .text.hri_sercomusart_write_DATA_reg
                0x00001f6e       0x1e hpl/sercom/hpl_sercom.o
 .text.hri_sercomusart_read_DATA_reg
                0x00001f8c       0x16 hpl/sercom/hpl_sercom.o
 .text.hri_sercomusart_write_DBGCTRL_reg
                0x00001fa2       0x20 hpl/sercom/hpl_sercom.o
 .text.hri_sercomusart_clear_STATUS_reg
                0x00001fc2       0x1e hpl/sercom/hpl_sercom.o
 .text.hri_sercomusart_read_STATUS_reg
                0x00001fe0       0x16 hpl/sercom/hpl_sercom.o
 .text._usart_async_init
                0x00001ff6       0xac hpl/sercom/hpl_sercom.o
                0x00001ff6                _usart_async_init
 .text._usart_async_enable
                0x000020a2       0x1a hpl/sercom/hpl_sercom.o
                0x000020a2                _usart_async_enable
 .text._usart_async_write_byte
                0x000020bc       0x28 hpl/sercom/hpl_sercom.o
                0x000020bc                _usart_async_write_byte
 .text._usart_async_enable_byte_sent_irq
                0x000020e4       0x1a hpl/sercom/hpl_sercom.o
                0x000020e4                _usart_async_enable_byte_sent_irq
 .text._usart_async_enable_tx_done_irq
                0x000020fe       0x1a hpl/sercom/hpl_sercom.o
                0x000020fe                _usart_async_enable_tx_done_irq
 .text._sercom_get_hardware_index
                0x00002118       0x4c hpl/sercom/hpl_sercom.o
 .text._usart_async_set_irq_state
                0x00002164       0x9c hpl/sercom/hpl_sercom.o
                0x00002164                _usart_async_set_irq_state
 .text._sercom_usart_interrupt_handler
                0x00002200       0xe8 hpl/sercom/hpl_sercom.o
 .text._get_sercom_index
                0x000022e8       0x82 hpl/sercom/hpl_sercom.o
 .text._sercom_init_irq_param
                0x0000236a       0x2c hpl/sercom/hpl_sercom.o
 .text._usart_init
                0x00002396      0x22e hpl/sercom/hpl_sercom.o
 .text._sercom_get_irq_num
                0x000025c4       0x22 hpl/sercom/hpl_sercom.o
 .text.SERCOM2_0_Handler
                0x000025e6       0x1a hpl/sercom/hpl_sercom.o
                0x000025e6                SERCOM2_0_Handler
 .text.SERCOM2_1_Handler
                0x00002600       0x1a hpl/sercom/hpl_sercom.o
                0x00002600                SERCOM2_1_Handler
 .text.SERCOM2_2_Handler
                0x0000261a       0x1a hpl/sercom/hpl_sercom.o
                0x0000261a                SERCOM2_2_Handler
 .text.SERCOM2_OTHER_Handler
                0x00002634       0x1a hpl/sercom/hpl_sercom.o
                0x00002634                SERCOM2_OTHER_Handler
 .text.rx_cb_EDBG_COM
                0x0000264e       0x1c Serial/serial.o
                0x0000264e                rx_cb_EDBG_COM
 *fill*         0x0000266a        0x2 
 .text.__libc_init_array
                0x0000266c       0x50 c:/program files (x86)/atmel/studio/7.0/toolchain/arm/arm-gnu-toolchain/bin/../lib/gcc/arm-none-eabi/6.3.1/../../../../arm-none-eabi/lib/thumb/v8-m.base\libc_nano.a(lib_a-init.o)
                0x0000266c                __libc_init_array
 *(.glue_7t)
 .glue_7t       0x000026bc        0x0 linker stubs
 *(.glue_7)
 .glue_7        0x000026bc        0x0 linker stubs
 *(.rodata .rodata* .gnu.linkonce.r.*)
 .rodata        0x000026bc       0x1c driver_init.o
 .rodata        0x000026d8       0x1c main.o
 .rodata        0x000026f4       0x1d hal/src/hal_usart_async.o
 *fill*         0x00002711        0x3 
 .rodata        0x00002714       0x24 hal/utils/src/utils_ringbuffer.o
 .rodata        0x00002738       0x48 hpl/core/hpl_core_m23_base.o
 .rodata        0x00002780       0x39 hpl/sercom/hpl_sercom.o
 *(.ARM.extab* .gnu.linkonce.armextab.*)
                0x000027bc                . = ALIGN (0x4)
 *fill*         0x000027b9        0x3 
 *(.init)
 .init          0x000027bc        0x4 c:/program files (x86)/atmel/studio/7.0/toolchain/arm/arm-gnu-toolchain/bin/../lib/gcc/arm-none-eabi/6.3.1/thumb/v8-m.base/crti.o
                0x000027bc                _init
 .init          0x000027c0        0x8 c:/program files (x86)/atmel/studio/7.0/toolchain/arm/arm-gnu-toolchain/bin/../lib/gcc/arm-none-eabi/6.3.1/thumb/v8-m.base/crtn.o
                0x000027c8                . = ALIGN (0x4)
                0x000027c8                __preinit_array_start = .
 *(.preinit_array)
                0x000027c8                __preinit_array_end = .
                0x000027c8                . = ALIGN (0x4)
                0x000027c8                __init_array_start = .
 *(SORT(.init_array.*))
 *(.init_array)
 .init_array    0x000027c8        0x4 c:/program files (x86)/atmel/studio/7.0/toolchain/arm/arm-gnu-toolchain/bin/../lib/gcc/arm-none-eabi/6.3.1/thumb/v8-m.base/crtbegin.o
                0x000027cc                __init_array_end = .
                0x000027cc                . = ALIGN (0x4)
 *crtbegin.o(.ctors)
 *(EXCLUDE_FILE(*crtend.o) .ctors)
 *(SORT(.ctors.*))
 *crtend.o(.ctors)
                0x000027cc                . = ALIGN (0x4)
 *(.fini)
 .fini          0x000027cc        0x4 c:/program files (x86)/atmel/studio/7.0/toolchain/arm/arm-gnu-toolchain/bin/../lib/gcc/arm-none-eabi/6.3.1/thumb/v8-m.base/crti.o
                0x000027cc                _fini
 .fini          0x000027d0        0x8 c:/program files (x86)/atmel/studio/7.0/toolchain/arm/arm-gnu-toolchain/bin/../lib/gcc/arm-none-eabi/6.3.1/thumb/v8-m.base/crtn.o
                0x000027d8                . = ALIGN (0x4)
                0x000027d8                __fini_array_start = .
 *(.fini_array)
 .fini_array    0x000027d8        0x4 c:/program files (x86)/atmel/studio/7.0/toolchain/arm/arm-gnu-toolchain/bin/../lib/gcc/arm-none-eabi/6.3.1/thumb/v8-m.base/crtbegin.o
 *(SORT(.fini_array.*))
                0x000027dc                __fini_array_end = .
 *crtbegin.o(.dtors)
 *(EXCLUDE_FILE(*crtend.o) .dtors)
 *(SORT(.dtors.*))
 *crtend.o(.dtors)
                0x000027dc                . = ALIGN (0x4)
                0x000027dc                _efixed = .
                [!provide]                PROVIDE (__exidx_start, .)

.vfp11_veneer   0x000027dc        0x0
 .vfp11_veneer  0x000027dc        0x0 linker stubs

.v4_bx          0x000027dc        0x0
 .v4_bx         0x000027dc        0x0 linker stubs

.iplt           0x000027dc        0x0
 .iplt          0x000027dc        0x0 c:/program files (x86)/atmel/studio/7.0/toolchain/arm/arm-gnu-toolchain/bin/../lib/gcc/arm-none-eabi/6.3.1/thumb/v8-m.base/crtbegin.o

.rel.dyn        0x000027dc        0x0
 .rel.iplt      0x000027dc        0x0 c:/program files (x86)/atmel/studio/7.0/toolchain/arm/arm-gnu-toolchain/bin/../lib/gcc/arm-none-eabi/6.3.1/thumb/v8-m.base/crtbegin.o

.ARM.exidx
 *(.ARM.exidx* .gnu.linkonce.armexidx.*)
                [!provide]                PROVIDE (__exidx_end, .)
                0x000027dc                . = ALIGN (0x4)
                0x000027dc                _etext = .
                0x000027dc                . = ALIGN (0x4)

.gnu.sgstubs    0x0000ff00        0x0
                0x0000ff00                _ssgstubs = .

.relocate       0x20000000       0x18 load address 0x000027dc
                0x20000000                . = ALIGN (0x4)
                0x20000000                _srelocate = .
 *(.ramfunc .ramfunc.*)
 *(.data .data.*)
 .data          0x20000000       0x18 hpl/sercom/hpl_sercom.o
                0x20000018                . = ALIGN (0x4)
                0x20000018                _erelocate = .

.bss            0x20000018       0xb8 load address 0x000027f4
                0x20000018                . = ALIGN (0x4)
                0x20000018                _sbss = .
                0x20000018                _szero = .
 *(.bss .bss.*)
 .bss           0x20000018       0x1c c:/program files (x86)/atmel/studio/7.0/toolchain/arm/arm-gnu-toolchain/bin/../lib/gcc/arm-none-eabi/6.3.1/thumb/v8-m.base/crtbegin.o
 .bss           0x20000034       0x10 driver_init.o
 .bss           0x20000044        0x4 hal/src/hal_delay.o
 .bss           0x20000048       0x2c hpl/sercom/hpl_sercom.o
 .bss           0x20000074        0xc Serial/serial.o
                0x20000074                data_arrived
                0x20000075                data_in_transit
                0x20000078                buffer
 *(COMMON)
 COMMON         0x20000080       0x50 driver_init.o
                0x20000080                EDBG_COM
                0x200000d0                . = ALIGN (0x4)
                0x200000d0                _ebss = .
                0x200000d0                _ezero = .

.heap           0x200000d0      0x200 load address 0x000028ac
                0x200000d0                . = ALIGN (0x8)
                0x200000d0                _sheap = .
                0x200002d0                . = (. + HEAP_SIZE)
 *fill*         0x200000d0      0x200 
                0x200002d0                . = ALIGN (0x8)
                0x200002d0                _eheap = .

.stack          0x200002d0      0x400 load address 0x00002aac
                0x200002d0                . = ALIGN (0x8)
                0x200002d0                _sstack = .
                0x200006d0                . = (. + STACK_SIZE)
 *fill*         0x200002d0      0x400 
                0x200006d0                . = ALIGN (0x8)
                0x200006d0                _estack = .
                0x200006d0                . = ALIGN (0x4)
                0x200006d0                _end = .
                0x20003f7f                _ram_end_ = ((ORIGIN (ram) + LENGTH (ram)) - 0x1)

.userRowBlock   0x00804000       0x20
 *(.userrowsec)
 .userrowsec    0x00804000       0x20 trustzone/trustzone_manager.o
                0x00804000                nvm_user_row
OUTPUT(BeginnerProject.elf elf32-littlearm)

.eh_frame       0x00804020        0x0
 .eh_frame      0x00804020        0x0 c:/program files (x86)/atmel/studio/7.0/toolchain/arm/arm-gnu-toolchain/bin/../lib/gcc/arm-none-eabi/6.3.1/thumb/v8-m.base/crtbegin.o

.jcr            0x00804020        0x0
 .jcr           0x00804020        0x0 c:/program files (x86)/atmel/studio/7.0/toolchain/arm/arm-gnu-toolchain/bin/../lib/gcc/arm-none-eabi/6.3.1/thumb/v8-m.base/crtbegin.o

.igot.plt       0x000027dc        0x0 load address 0x00804020
 .igot.plt      0x000027dc        0x0 c:/program files (x86)/atmel/studio/7.0/toolchain/arm/arm-gnu-toolchain/bin/../lib/gcc/arm-none-eabi/6.3.1/thumb/v8-m.base/crtbegin.o

.ARM.attributes
                0x00000000       0x2c
 .ARM.attributes
                0x00000000       0x22 c:/program files (x86)/atmel/studio/7.0/toolchain/arm/arm-gnu-toolchain/bin/../lib/gcc/arm-none-eabi/6.3.1/thumb/v8-m.base/crti.o
 .ARM.attributes
                0x00000022       0x30 c:/program files (x86)/atmel/studio/7.0/toolchain/arm/arm-gnu-toolchain/bin/../lib/gcc/arm-none-eabi/6.3.1/thumb/v8-m.base/crtbegin.o
 .ARM.attributes
                0x00000052       0x32 atmel_start.o
 .ARM.attributes
                0x00000084       0x32 Device_Startup/startup_saml11e16a.o
 .ARM.attributes
                0x000000b6       0x32 driver_init.o
 .ARM.attributes
                0x000000e8       0x32 main.o
 .ARM.attributes
                0x0000011a       0x32 hal/src/hal_atomic.o
 .ARM.attributes
                0x0000014c       0x32 hal/src/hal_delay.o
 .ARM.attributes
                0x0000017e       0x32 hal/src/hal_usart_async.o
 .ARM.attributes
                0x000001b0       0x32 hal/utils/src/utils_assert.o
 .ARM.attributes
                0x000001e2       0x32 hal/utils/src/utils_ringbuffer.o
 .ARM.attributes
                0x00000214       0x32 hpl/core/hpl_core_m23_base.o
 .ARM.attributes
                0x00000246       0x32 hpl/core/hpl_init.o
 .ARM.attributes
                0x00000278       0x32 hpl/gclk/hpl_gclk.o
 .ARM.attributes
                0x000002aa       0x32 hpl/mclk/hpl_mclk.o
 .ARM.attributes
                0x000002dc       0x32 hpl/osc32kctrl/hpl_osc32kctrl.o
 .ARM.attributes
                0x0000030e       0x32 hpl/oscctrl/hpl_oscctrl.o
 .ARM.attributes
                0x00000340       0x32 hpl/pm/hpl_pm.o
 .ARM.attributes
                0x00000372       0x32 hpl/sercom/hpl_sercom.o
 .ARM.attributes
                0x000003a4       0x32 Serial/serial.o
 .ARM.attributes
                0x000003d6       0x32 trustzone/trustzone_manager.o
 .ARM.attributes
                0x00000408       0x30 c:/program files (x86)/atmel/studio/7.0/toolchain/arm/arm-gnu-toolchain/bin/../lib/gcc/arm-none-eabi/6.3.1/../../../../arm-none-eabi/lib/thumb/v8-m.base\libc_nano.a(lib_a-init.o)
 .ARM.attributes
                0x00000438       0x22 c:/program files (x86)/atmel/studio/7.0/toolchain/arm/arm-gnu-toolchain/bin/../lib/gcc/arm-none-eabi/6.3.1/thumb/v8-m.base/crtn.o

.comment        0x00000000       0x59
 .comment       0x00000000       0x59 atmel_start.o
                                 0x5a (size before relaxing)
 .comment       0x00000059       0x5a Device_Startup/startup_saml11e16a.o
 .comment       0x00000059       0x5a driver_init.o
 .comment       0x00000059       0x5a main.o
 .comment       0x00000059       0x5a hal/src/hal_atomic.o
 .comment       0x00000059       0x5a hal/src/hal_delay.o
 .comment       0x00000059       0x5a hal/src/hal_usart_async.o
 .comment       0x00000059       0x5a hal/utils/src/utils_assert.o
 .comment       0x00000059       0x5a hal/utils/src/utils_ringbuffer.o
 .comment       0x00000059       0x5a hpl/core/hpl_core_m23_base.o
 .comment       0x00000059       0x5a hpl/core/hpl_init.o
 .comment       0x00000059       0x5a hpl/gclk/hpl_gclk.o
 .comment       0x00000059       0x5a hpl/mclk/hpl_mclk.o
 .comment       0x00000059       0x5a hpl/osc32kctrl/hpl_osc32kctrl.o
 .comment       0x00000059       0x5a hpl/oscctrl/hpl_oscctrl.o
 .comment       0x00000059       0x5a hpl/pm/hpl_pm.o
 .comment       0x00000059       0x5a hpl/sercom/hpl_sercom.o
 .comment       0x00000059       0x5a Serial/serial.o
 .comment       0x00000059       0x5a trustzone/trustzone_manager.o

.debug_info     0x00000000    0x13279
 .debug_info    0x00000000      0xdf6 atmel_start.o
 .debug_info    0x00000df6      0x5cb Device_Startup/startup_saml11e16a.o
 .debug_info    0x000013c1     0x39b8 driver_init.o
 .debug_info    0x00004d79     0x1b31 main.o
 .debug_info    0x000068aa      0x1d8 hal/src/hal_atomic.o
 .debug_info    0x00006a82      0x15f hal/src/hal_delay.o
 .debug_info    0x00006be1      0xbec hal/src/hal_usart_async.o
 .debug_info    0x000077cd      0x10b hal/utils/src/utils_assert.o
 .debug_info    0x000078d8      0x242 hal/utils/src/utils_ringbuffer.o
 .debug_info    0x00007b1a      0x86a hpl/core/hpl_core_m23_base.o
 .debug_info    0x00008384      0xb7c hpl/core/hpl_init.o
 .debug_info    0x00008f00      0x4c0 hpl/gclk/hpl_gclk.o
 .debug_info    0x000093c0      0x6ea hpl/mclk/hpl_mclk.o
 .debug_info    0x00009aaa      0x694 hpl/osc32kctrl/hpl_osc32kctrl.o
 .debug_info    0x0000a13e      0xee2 hpl/oscctrl/hpl_oscctrl.o
 .debug_info    0x0000b020      0x6f1 hpl/pm/hpl_pm.o
 .debug_info    0x0000b711     0x7458 hpl/sercom/hpl_sercom.o
 .debug_info    0x00012b69      0x652 Serial/serial.o
 .debug_info    0x000131bb       0xbe trustzone/trustzone_manager.o

.debug_abbrev   0x00000000     0x20c5
 .debug_abbrev  0x00000000      0x1b8 atmel_start.o
 .debug_abbrev  0x000001b8      0x125 Device_Startup/startup_saml11e16a.o
 .debug_abbrev  0x000002dd      0x2a6 driver_init.o
 .debug_abbrev  0x00000583      0x2cf main.o
 .debug_abbrev  0x00000852      0x146 hal/src/hal_atomic.o
 .debug_abbrev  0x00000998       0xc5 hal/src/hal_delay.o
 .debug_abbrev  0x00000a5d      0x23d hal/src/hal_usart_async.o
 .debug_abbrev  0x00000c9a       0x86 hal/utils/src/utils_assert.o
 .debug_abbrev  0x00000d20       0xe5 hal/utils/src/utils_ringbuffer.o
 .debug_abbrev  0x00000e05      0x2a6 hpl/core/hpl_core_m23_base.o
 .debug_abbrev  0x000010ab      0x187 hpl/core/hpl_init.o
 .debug_abbrev  0x00001232      0x168 hpl/gclk/hpl_gclk.o
 .debug_abbrev  0x0000139a      0x18a hpl/mclk/hpl_mclk.o
 .debug_abbrev  0x00001524      0x1c3 hpl/osc32kctrl/hpl_osc32kctrl.o
 .debug_abbrev  0x000016e7      0x1be hpl/oscctrl/hpl_oscctrl.o
 .debug_abbrev  0x000018a5      0x237 hpl/pm/hpl_pm.o
 .debug_abbrev  0x00001adc      0x3ea hpl/sercom/hpl_sercom.o
 .debug_abbrev  0x00001ec6      0x18e Serial/serial.o
 .debug_abbrev  0x00002054       0x71 trustzone/trustzone_manager.o

.debug_loc      0x00000000     0x5d78
 .debug_loc     0x00000000       0x58 atmel_start.o
 .debug_loc     0x00000058       0x64 Device_Startup/startup_saml11e16a.o
 .debug_loc     0x000000bc      0x468 driver_init.o
 .debug_loc     0x00000524      0x348 main.o
 .debug_loc     0x0000086c       0x9c hal/src/hal_atomic.o
 .debug_loc     0x00000908       0xd4 hal/src/hal_delay.o
 .debug_loc     0x000009dc      0x56c hal/src/hal_usart_async.o
 .debug_loc     0x00000f48       0x38 hal/utils/src/utils_assert.o
 .debug_loc     0x00000f80      0x118 hal/utils/src/utils_ringbuffer.o
 .debug_loc     0x00001098      0x430 hpl/core/hpl_core_m23_base.o
 .debug_loc     0x000014c8       0x64 hpl/core/hpl_init.o
 .debug_loc     0x0000152c       0xd4 hpl/gclk/hpl_gclk.o
 .debug_loc     0x00001600       0x70 hpl/mclk/hpl_mclk.o
 .debug_loc     0x00001670       0xe0 hpl/osc32kctrl/hpl_osc32kctrl.o
 .debug_loc     0x00001750      0x118 hpl/oscctrl/hpl_oscctrl.o
 .debug_loc     0x00001868      0x1ec hpl/pm/hpl_pm.o
 .debug_loc     0x00001a54     0x41a8 hpl/sercom/hpl_sercom.o
 .debug_loc     0x00005bfc      0x17c Serial/serial.o

.debug_aranges  0x00000000      0xf48
 .debug_aranges
                0x00000000       0x28 atmel_start.o
 .debug_aranges
                0x00000028       0x28 Device_Startup/startup_saml11e16a.o
 .debug_aranges
                0x00000050       0xc0 driver_init.o
 .debug_aranges
                0x00000110       0x90 main.o
 .debug_aranges
                0x000001a0       0x30 hal/src/hal_atomic.o
 .debug_aranges
                0x000001d0       0x38 hal/src/hal_delay.o
 .debug_aranges
                0x00000208       0xe0 hal/src/hal_usart_async.o
 .debug_aranges
                0x000002e8       0x20 hal/utils/src/utils_assert.o
 .debug_aranges
                0x00000308       0x40 hal/utils/src/utils_ringbuffer.o
 .debug_aranges
                0x00000348       0xb8 hpl/core/hpl_core_m23_base.o
 .debug_aranges
                0x00000400       0x28 hpl/core/hpl_init.o
 .debug_aranges
                0x00000428       0x38 hpl/gclk/hpl_gclk.o
 .debug_aranges
                0x00000460       0x28 hpl/mclk/hpl_mclk.o
 .debug_aranges
                0x00000488       0x38 hpl/osc32kctrl/hpl_osc32kctrl.o
 .debug_aranges
                0x000004c0       0x40 hpl/oscctrl/hpl_oscctrl.o
 .debug_aranges
                0x00000500       0x60 hpl/pm/hpl_pm.o
 .debug_aranges
                0x00000560      0x980 hpl/sercom/hpl_sercom.o
 .debug_aranges
                0x00000ee0       0x50 Serial/serial.o
 .debug_aranges
                0x00000f30       0x18 trustzone/trustzone_manager.o

.debug_ranges   0x00000000      0xe10
 .debug_ranges  0x00000000       0x18 atmel_start.o
 .debug_ranges  0x00000018       0x18 Device_Startup/startup_saml11e16a.o
 .debug_ranges  0x00000030       0xb0 driver_init.o
 .debug_ranges  0x000000e0       0x80 main.o
 .debug_ranges  0x00000160       0x20 hal/src/hal_atomic.o
 .debug_ranges  0x00000180       0x28 hal/src/hal_delay.o
 .debug_ranges  0x000001a8       0xd0 hal/src/hal_usart_async.o
 .debug_ranges  0x00000278       0x10 hal/utils/src/utils_assert.o
 .debug_ranges  0x00000288       0x30 hal/utils/src/utils_ringbuffer.o
 .debug_ranges  0x000002b8       0xa8 hpl/core/hpl_core_m23_base.o
 .debug_ranges  0x00000360       0x18 hpl/core/hpl_init.o
 .debug_ranges  0x00000378       0x28 hpl/gclk/hpl_gclk.o
 .debug_ranges  0x000003a0       0x18 hpl/mclk/hpl_mclk.o
 .debug_ranges  0x000003b8       0x28 hpl/osc32kctrl/hpl_osc32kctrl.o
 .debug_ranges  0x000003e0       0x30 hpl/oscctrl/hpl_oscctrl.o
 .debug_ranges  0x00000410       0x50 hpl/pm/hpl_pm.o
 .debug_ranges  0x00000460      0x970 hpl/sercom/hpl_sercom.o
 .debug_ranges  0x00000dd0       0x40 Serial/serial.o

.debug_macro    0x00000000    0x1abaf
 .debug_macro   0x00000000      0x580 atmel_start.o
 .debug_macro   0x00000580      0x8b6 atmel_start.o
 .debug_macro   0x00000e36      0x16d atmel_start.o
 .debug_macro   0x00000fa3       0x22 atmel_start.o
 .debug_macro   0x00000fc5       0x87 atmel_start.o
 .debug_macro   0x0000104c       0x51 atmel_start.o
 .debug_macro   0x0000109d       0xef atmel_start.o
 .debug_macro   0x0000118c       0x6a atmel_start.o
 .debug_macro   0x000011f6      0x1df atmel_start.o
 .debug_macro   0x000013d5       0x22 atmel_start.o
 .debug_macro   0x000013f7       0xde atmel_start.o
 .debug_macro   0x000014d5       0x1c atmel_start.o
 .debug_macro   0x000014f1       0x22 atmel_start.o
 .debug_macro   0x00001513       0xb5 atmel_start.o
 .debug_macro   0x000015c8      0xaec atmel_start.o
 .debug_macro   0x000020b4       0x5e atmel_start.o
 .debug_macro   0x00002112      0x894 atmel_start.o
 .debug_macro   0x000029a6      0xb83 atmel_start.o
 .debug_macro   0x00003529      0x3e0 atmel_start.o
 .debug_macro   0x00003909      0x373 atmel_start.o
 .debug_macro   0x00003c7c      0xf2c atmel_start.o
 .debug_macro   0x00004ba8      0x834 atmel_start.o
 .debug_macro   0x000053dc      0x814 atmel_start.o
 .debug_macro   0x00005bf0      0xbf2 atmel_start.o
 .debug_macro   0x000067e2      0x20d atmel_start.o
 .debug_macro   0x000069ef      0x2b1 atmel_start.o
 .debug_macro   0x00006ca0      0x113 atmel_start.o
 .debug_macro   0x00006db3      0x532 atmel_start.o
 .debug_macro   0x000072e5      0xfd0 atmel_start.o
 .debug_macro   0x000082b5      0x267 atmel_start.o
 .debug_macro   0x0000851c      0xb82 atmel_start.o
 .debug_macro   0x0000909e      0x370 atmel_start.o
 .debug_macro   0x0000940e      0xe6d atmel_start.o
 .debug_macro   0x0000a27b      0x292 atmel_start.o
 .debug_macro   0x0000a50d      0x5b7 atmel_start.o
 .debug_macro   0x0000aac4       0x1c atmel_start.o
 .debug_macro   0x0000aae0       0x9a atmel_start.o
 .debug_macro   0x0000ab7a     0x231e atmel_start.o
 .debug_macro   0x0000ce98     0x15b1 atmel_start.o
 .debug_macro   0x0000e449      0x9c1 atmel_start.o
 .debug_macro   0x0000ee0a      0xbee atmel_start.o
 .debug_macro   0x0000f9f8      0x2b4 atmel_start.o
 .debug_macro   0x0000fcac      0x13d atmel_start.o
 .debug_macro   0x0000fde9      0x41d atmel_start.o
 .debug_macro   0x00010206       0x88 atmel_start.o
 .debug_macro   0x0001028e       0xb2 atmel_start.o
 .debug_macro   0x00010340       0x46 atmel_start.o
 .debug_macro   0x00010386       0x5e atmel_start.o
 .debug_macro   0x000103e4       0xdc atmel_start.o
 .debug_macro   0x000104c0       0xe8 atmel_start.o
 .debug_macro   0x000105a8       0x94 atmel_start.o
 .debug_macro   0x0001063c      0x2a2 atmel_start.o
 .debug_macro   0x000108de       0x52 atmel_start.o
 .debug_macro   0x00010930       0xf4 atmel_start.o
 .debug_macro   0x00010a24       0xbe atmel_start.o
 .debug_macro   0x00010ae2       0x52 atmel_start.o
 .debug_macro   0x00010b34       0xe2 atmel_start.o
 .debug_macro   0x00010c16       0x3a atmel_start.o
 .debug_macro   0x00010c50       0xb8 atmel_start.o
 .debug_macro   0x00010d08       0x4c atmel_start.o
 .debug_macro   0x00010d54       0x82 atmel_start.o
 .debug_macro   0x00010dd6       0x46 atmel_start.o
 .debug_macro   0x00010e1c       0xb8 atmel_start.o
 .debug_macro   0x00010ed4       0x34 atmel_start.o
 .debug_macro   0x00010f08       0x22 atmel_start.o
 .debug_macro   0x00010f2a      0x14b atmel_start.o
 .debug_macro   0x00011075      0x189 atmel_start.o
 .debug_macro   0x000111fe      0x189 atmel_start.o
 .debug_macro   0x00011387      0x189 atmel_start.o
 .debug_macro   0x00011510       0x58 atmel_start.o
 .debug_macro   0x00011568      0x11f atmel_start.o
 .debug_macro   0x00011687      0x11f atmel_start.o
 .debug_macro   0x000117a6      0x11f atmel_start.o
 .debug_macro   0x000118c5      0x209 atmel_start.o
 .debug_macro   0x00011ace       0x34 atmel_start.o
 .debug_macro   0x00011b02       0x40 atmel_start.o
 .debug_macro   0x00011b42      0x38b atmel_start.o
 .debug_macro   0x00011ecd     0x1884 atmel_start.o
 .debug_macro   0x00013751      0x31b atmel_start.o
 .debug_macro   0x00013a6c       0x10 atmel_start.o
 .debug_macro   0x00013a7c       0x10 atmel_start.o
 .debug_macro   0x00013a8c       0x16 atmel_start.o
 .debug_macro   0x00013aa2       0x16 atmel_start.o
 .debug_macro   0x00013ab8       0x16 atmel_start.o
 .debug_macro   0x00013ace       0x16 atmel_start.o
 .debug_macro   0x00013ae4       0x16 atmel_start.o
 .debug_macro   0x00013afa       0x16 atmel_start.o
 .debug_macro   0x00013b10       0x16 atmel_start.o
 .debug_macro   0x00013b26       0x16 atmel_start.o
 .debug_macro   0x00013b3c       0x16 atmel_start.o
 .debug_macro   0x00013b52       0x16 atmel_start.o
 .debug_macro   0x00013b68       0x16 atmel_start.o
 .debug_macro   0x00013b7e       0x16 atmel_start.o
 .debug_macro   0x00013b94       0x16 atmel_start.o
 .debug_macro   0x00013baa       0x16 atmel_start.o
 .debug_macro   0x00013bc0       0x16 atmel_start.o
 .debug_macro   0x00013bd6       0x16 atmel_start.o
 .debug_macro   0x00013bec       0x16 atmel_start.o
 .debug_macro   0x00013c02       0x16 atmel_start.o
 .debug_macro   0x00013c18       0x16 atmel_start.o
 .debug_macro   0x00013c2e       0x16 atmel_start.o
 .debug_macro   0x00013c44       0x16 atmel_start.o
 .debug_macro   0x00013c5a       0x16 atmel_start.o
 .debug_macro   0x00013c70       0x16 atmel_start.o
 .debug_macro   0x00013c86       0x16 atmel_start.o
 .debug_macro   0x00013c9c       0x16 atmel_start.o
 .debug_macro   0x00013cb2       0xca atmel_start.o
 .debug_macro   0x00013d7c       0x1c atmel_start.o
 .debug_macro   0x00013d98       0x16 atmel_start.o
 .debug_macro   0x00013dae       0x10 atmel_start.o
 .debug_macro   0x00013dbe       0x4c atmel_start.o
 .debug_macro   0x00013e0a       0x40 atmel_start.o
 .debug_macro   0x00013e4a       0x64 atmel_start.o
 .debug_macro   0x00013eae      0x41b atmel_start.o
 .debug_macro   0x000142c9      0x324 Device_Startup/startup_saml11e16a.o
 .debug_macro   0x000145ed       0xd8 Device_Startup/startup_saml11e16a.o
 .debug_macro   0x000146c5      0x560 driver_init.o
 .debug_macro   0x00014c25       0x28 driver_init.o
 .debug_macro   0x00014c4d       0xc9 driver_init.o
 .debug_macro   0x00014d16      0x66a main.o
 .debug_macro   0x00015380       0x58 main.o
 .debug_macro   0x000153d8       0x35 main.o
 .debug_macro   0x0001540d       0x9c main.o
 .debug_macro   0x000154a9       0x58 main.o
 .debug_macro   0x00015501       0x1f main.o
 .debug_macro   0x00015520       0x43 main.o
 .debug_macro   0x00015563       0x20 main.o
 .debug_macro   0x00015583      0x187 main.o
 .debug_macro   0x0001570a      0x34d main.o
 .debug_macro   0x00015a57       0x10 main.o
 .debug_macro   0x00015a67       0x35 main.o
 .debug_macro   0x00015a9c       0x40 main.o
 .debug_macro   0x00015adc       0x46 main.o
 .debug_macro   0x00015b22      0x46a hal/src/hal_atomic.o
 .debug_macro   0x00015f8c      0x49c hal/src/hal_delay.o
 .debug_macro   0x00016428      0x4c6 hal/src/hal_usart_async.o
 .debug_macro   0x000168ee      0x473 hal/utils/src/utils_assert.o
 .debug_macro   0x00016d61       0x10 hal/utils/src/utils_assert.o
 .debug_macro   0x00016d71      0x477 hal/utils/src/utils_ringbuffer.o
 .debug_macro   0x000171e8      0x4c1 hpl/core/hpl_core_m23_base.o
 .debug_macro   0x000176a9      0x4df hpl/core/hpl_init.o
 .debug_macro   0x00017b88       0x22 hpl/core/hpl_init.o
 .debug_macro   0x00017baa      0x3f2 hpl/core/hpl_init.o
 .debug_macro   0x00017f9c      0x486 hpl/gclk/hpl_gclk.o
 .debug_macro   0x00018422      0x137 hpl/gclk/hpl_gclk.o
 .debug_macro   0x00018559      0x47c hpl/mclk/hpl_mclk.o
 .debug_macro   0x000189d5      0x477 hpl/osc32kctrl/hpl_osc32kctrl.o
 .debug_macro   0x00018e4c       0x80 hpl/osc32kctrl/hpl_osc32kctrl.o
 .debug_macro   0x00018ecc      0x48f hpl/oscctrl/hpl_oscctrl.o
 .debug_macro   0x0001935b      0x145 hpl/oscctrl/hpl_oscctrl.o
 .debug_macro   0x000194a0      0x482 hpl/pm/hpl_pm.o
 .debug_macro   0x00019922      0x6bc hpl/sercom/hpl_sercom.o
 .debug_macro   0x00019fde       0x70 hpl/sercom/hpl_sercom.o
 .debug_macro   0x0001a04e       0xe4 hpl/sercom/hpl_sercom.o
 .debug_macro   0x0001a132       0x10 hpl/sercom/hpl_sercom.o
 .debug_macro   0x0001a142       0x1c hpl/sercom/hpl_sercom.o
 .debug_macro   0x0001a15e       0x22 hpl/sercom/hpl_sercom.o
 .debug_macro   0x0001a180       0x10 hpl/sercom/hpl_sercom.o
 .debug_macro   0x0001a190      0x590 Serial/serial.o
 .debug_macro   0x0001a720      0x48f trustzone/trustzone_manager.o

.debug_line     0x00000000     0xe737
 .debug_line    0x00000000      0xb03 atmel_start.o
 .debug_line    0x00000b03      0x70a Device_Startup/startup_saml11e16a.o
 .debug_line    0x0000120d      0xc75 driver_init.o
 .debug_line    0x00001e82      0xdb9 main.o
 .debug_line    0x00002c3b      0x98d hal/src/hal_atomic.o
 .debug_line    0x000035c8      0x9b7 hal/src/hal_delay.o
 .debug_line    0x00003f7f      0xc8c hal/src/hal_usart_async.o
 .debug_line    0x00004c0b      0x955 hal/utils/src/utils_assert.o
 .debug_line    0x00005560      0xa02 hal/utils/src/utils_ringbuffer.o
 .debug_line    0x00005f62      0xbb0 hpl/core/hpl_core_m23_base.o
 .debug_line    0x00006b12      0xa2a hpl/core/hpl_init.o
 .debug_line    0x0000753c      0x9be hpl/gclk/hpl_gclk.o
 .debug_line    0x00007efa      0x988 hpl/mclk/hpl_mclk.o
 .debug_line    0x00008882      0x9bb hpl/osc32kctrl/hpl_osc32kctrl.o
 .debug_line    0x0000923d      0x9fd hpl/oscctrl/hpl_oscctrl.o
 .debug_line    0x00009c3a      0xa0e hpl/pm/hpl_pm.o
 .debug_line    0x0000a648     0x2bc2 hpl/sercom/hpl_sercom.o
 .debug_line    0x0000d20a      0xbbb Serial/serial.o
 .debug_line    0x0000ddc5      0x972 trustzone/trustzone_manager.o

.debug_str      0x00000000    0x8f02f
 .debug_str     0x00000000    0x82b68 atmel_start.o
                              0x83112 (size before relaxing)
 .debug_str     0x00082b68      0x502 Device_Startup/startup_saml11e16a.o
                              0x7f056 (size before relaxing)
 .debug_str     0x0008306a     0x117c driver_init.o
                              0x81709 (size before relaxing)
 .debug_str     0x000841e6     0x312f main.o
                              0x8645c (size before relaxing)
 .debug_str     0x00087315       0xb7 hal/src/hal_atomic.o
                              0x7fb97 (size before relaxing)
 .debug_str     0x000873cc       0x5b hal/src/hal_delay.o
                              0x7fbc1 (size before relaxing)
 .debug_str     0x00087427      0x457 hal/src/hal_usart_async.o
                              0x80867 (size before relaxing)
 .debug_str     0x0008787e       0x31 hal/utils/src/utils_assert.o
                              0x7fba7 (size before relaxing)
 .debug_str     0x000878af       0x72 hal/utils/src/utils_ringbuffer.o
                              0x7fc46 (size before relaxing)
 .debug_str     0x00087921      0x42d hpl/core/hpl_core_m23_base.o
                              0x806e6 (size before relaxing)
 .debug_str     0x00087d4e     0x1006 hpl/core/hpl_init.o
                              0x80e2a (size before relaxing)
 .debug_str     0x00088d54      0x59f hpl/gclk/hpl_gclk.o
                              0x80217 (size before relaxing)
 .debug_str     0x000892f3       0x52 hpl/mclk/hpl_mclk.o
                              0x7feb2 (size before relaxing)
 .debug_str     0x00089345      0x47f hpl/osc32kctrl/hpl_osc32kctrl.o
                              0x7fffe (size before relaxing)
 .debug_str     0x000897c4      0x8e8 hpl/oscctrl/hpl_oscctrl.o
                              0x8065b (size before relaxing)
 .debug_str     0x0008a0ac      0x2a7 hpl/pm/hpl_pm.o
                              0x7fe59 (size before relaxing)
 .debug_str     0x0008a353     0x4c11 hpl/sercom/hpl_sercom.o
                              0x85cd7 (size before relaxing)
 .debug_str     0x0008ef64       0x9d Serial/serial.o
                              0x8308d (size before relaxing)
 .debug_str     0x0008f001       0x2e trustzone/trustzone_manager.o
                              0x826f3 (size before relaxing)

.debug_frame    0x00000000     0x3704
 .debug_frame   0x00000000       0x48 atmel_start.o
 .debug_frame   0x00000048       0x4c Device_Startup/startup_saml11e16a.o
 .debug_frame   0x00000094      0x2a0 driver_init.o
 .debug_frame   0x00000334      0x1f0 main.o
 .debug_frame   0x00000524       0x6c hal/src/hal_atomic.o
 .debug_frame   0x00000590       0x8c hal/src/hal_delay.o
 .debug_frame   0x0000061c      0x330 hal/src/hal_usart_async.o
 .debug_frame   0x0000094c       0x30 hal/utils/src/utils_assert.o
 .debug_frame   0x0000097c       0xb0 hal/utils/src/utils_ringbuffer.o
 .debug_frame   0x00000a2c      0x280 hpl/core/hpl_core_m23_base.o
 .debug_frame   0x00000cac       0x4c hpl/core/hpl_init.o
 .debug_frame   0x00000cf8       0x8c hpl/gclk/hpl_gclk.o
 .debug_frame   0x00000d84       0x50 hpl/mclk/hpl_mclk.o
 .debug_frame   0x00000dd4       0x90 hpl/osc32kctrl/hpl_osc32kctrl.o
 .debug_frame   0x00000e64       0xb0 hpl/oscctrl/hpl_oscctrl.o
 .debug_frame   0x00000f14      0x12c hpl/pm/hpl_pm.o
 .debug_frame   0x00001040     0x25ac hpl/sercom/hpl_sercom.o
 .debug_frame   0x000035ec       0xec Serial/serial.o
 .debug_frame   0x000036d8       0x2c c:/program files (x86)/atmel/studio/7.0/toolchain/arm/arm-gnu-toolchain/bin/../lib/gcc/arm-none-eabi/6.3.1/../../../../arm-none-eabi/lib/thumb/v8-m.base\libc_nano.a(lib_a-init.o)
